// Vitest Snapshot v1, https://vitest.dev/guide/snapshot.html

exports[`EmergencyWard > should match snapshot 1`] = `"<div class="emergency-ward-container"><h1 class="emergency-ward-title">Emergency Ward</h1><button class="register-button-toggle">Register Patient</button><div class="register-form-container "><form class="register-form"><div class="form-row"><input placeholder="Given Names" required="" type="text" value="" name="givenNames"><input placeholder="Family Name" required="" type="text" value="" name="familyName"></div><div class="form-row"><input placeholder="Personal Identifier" required="" type="text" value="" name="personalIdentifier"><input placeholder="Reason" required="" type="text" value="" name="reason"><button type="submit" class="register-button">Register</button></div></form></div><table class="emergency-ward-table"><thead><tr><th>Given Names</th><th>Family Name</th><th>Status</th><th>Actions</th></tr></thead><tbody><tr class="emergency-ward-row"><td>John</td><td>Doe</td><td>Ukendt</td><td><button class="view-details-button">View Details</button></td></tr></tbody></table></div>"`;
